
> scpd-cms-backend@0.1.0 build
> npm run prisma:generate && tsc -p tsconfig.json


> scpd-cms-backend@0.1.0 prisma:generate
> prisma generate

npm : Environment variables loaded from .env
At line:1 char:83
+ ... in\admin\case-management-system\backend" ; npm run build 2>&1 | tee b ...
+                                                ~~~~~~~~~~~~~~~~~~
    + CategoryInfo          : NotSpecified: (Environment variables loaded from 
    .env:String) [], RemoteException
    + FullyQualifiedErrorId : NativeCommandError
 
Prisma schema loaded from prisma\schema.prisma

Γ£ö Generated Prisma Client (v6.19.2) to .\..\node_modules\@prisma\client in 486ms

Start by importing your Prisma Client (See: https://pris.ly/d/importing-client)

Tip: Need your database queries to be 1000x faster? Accelerate offers you that and more: https://pris.ly/tip-2-accelerate

src/routes/v1/routes.news.ts(31,16): error TS2528: A module cannot have multiple default exports.
src/routes/v1/routes.news.ts(33,16): error TS2528: A module cannot have multiple default exports.
src/services/cases.service.ts(251,8): error TS2678: Type '"PA_INITIAL_REVIEW"' is not comparable to type 'CaseStatus'.
src/services/cases.service.ts(254,8): error TS2678: Type '"PA_TO_COMMISSIONER"' is not comparable to type 'CaseStatus'.
src/services/cases.service.ts(257,8): error TS2678: Type '"PA_POST_APPROVAL"' is not comparable to type 'CaseStatus'.
src/services/cases.service.ts(260,8): error TS2678: Type '"REGISTRAR_INITIAL_REVIEW"' is not comparable to type 'CaseStatus'.
src/services/cases.service.ts(299,8): error TS2678: Type '"REGISTRAR_HANDOVER"' is not comparable to type 'CaseStatus'.
src/services/cases.service.ts(305,8): error TS2678: Type '"FORWARDING_STATIONERY"' is not comparable to type 'CaseStatus'.
src/services/cases.service.ts(308,8): error TS2678: Type '"REGISTRAR_SIGNING"' is not comparable to type 'CaseStatus'.
src/services/workflowBootstrap.service.ts(27,38): error TS2322: Type '"PA_INITIAL_REVIEW"' is not assignable to type 'CaseStatus'.
src/services/workflowBootstrap.service.ts(29,4): error TS2322: Type '"PA_INITIAL_REVIEW"' is not assignable to type 'CaseStatus | null'.
src/services/workflowBootstrap.service.ts(29,37): error TS2820: Type '"REGISTRAR_INITIAL_REVIEW"' is not assignable to type 'CaseStatus'. Did you mean '"REGISTRAR_FINAL_REVIEW"'?
src/services/workflowBootstrap.service.ts(31,4): error TS2820: Type '"REGISTRAR_INITIAL_REVIEW"' is not assignable to type 'CaseStatus | null'. Did you mean '"REGISTRAR_FINAL_REVIEW"'?
src/services/workflowBootstrap.service.ts(42,36): error TS2322: Type '"PA_TO_COMMISSIONER"' is not assignable to type 'CaseStatus'.
src/services/workflowBootstrap.service.ts(44,4): error TS2322: Type '"PA_TO_COMMISSIONER"' is not assignable to type 'CaseStatus | null'.
src/services/workflowBootstrap.service.ts(47,28): error TS2322: Type '"PA_POST_APPROVAL"' is not assignable to type 'CaseStatus'.
src/services/workflowBootstrap.service.ts(49,4): error TS2322: Type '"PA_POST_APPROVAL"' is not assignable to type 'CaseStatus | null'.
src/services/workflowBootstrap.service.ts(49,36): error TS2322: Type '"REGISTRAR_HANDOVER"' is not assignable to type 'CaseStatus'.
src/services/workflowBootstrap.service.ts(51,4): error TS2322: Type '"REGISTRAR_HANDOVER"' is not assignable to type 'CaseStatus | null'.
src/services/workflowBootstrap.service.ts(53,36): error TS2322: Type '"FORWARDING_STATIONERY"' is not assignable to type 'CaseStatus'.
src/services/workflowBootstrap.service.ts(55,4): error TS2322: Type '"FORWARDING_STATIONERY"' is not assignable to type 'CaseStatus | null'.
src/services/workflowBootstrap.service.ts(55,41): error TS2322: Type '"REGISTRAR_SIGNING"' is not assignable to type 'CaseStatus'.
src/services/workflowBootstrap.service.ts(57,4): error TS2322: Type '"REGISTRAR_SIGNING"' is not assignable to type 'CaseStatus | null'.
npm error Lifecycle script `build` failed with error:
npm error code 2
npm error path 
C:\Users\subhe\OneDrive\Desktop\admin\admin\case-management-system\backend
npm error workspace scpd-cms-backend@0.1.0
npm error location 
C:\Users\subhe\OneDrive\Desktop\admin\admin\case-management-system\backend
npm error command failed
npm error command C:\WINDOWS\system32\cmd.exe /d /s /c npm run prisma:generate 
&& tsc -p tsconfig.json
